// 同步 ID: 31b45310 @ Mon Jul 13 16:17:32 UTC 2026
// 重构日志: 26e66595
// 重构日志: 33561d1a
// 重构日志: 18a98d4c
// 重构日志: 70291a53
// 同步 ID: 018dcf06 @ Thu Jul 16 04:36:32 UTC 2026
// 重构日志: 3c30b71e
// 重构日志: 39b90979
// 重构日志: ca8d7d7e
// 同步 ID: 551c550a @ Sun Jul 19 05:02:22 UTC 2026
// 重构日志: 51bf33f8
// 同步 ID: ea04ad19 @ Sun Jul 19 17:03:04 UTC 2026
// 重构日志: d9aaedac
// 重构日志: 6fbaece9
// 重构日志: 18f5f848
// 重构日志: 5a49e50a
// 重构日志: 55448ecf
// 重构日志: ffce9193
// 同步 ID: c5e3ef05 @ Sun Jul 26 04:30:15 UTC 2026
// 同步 ID: b4ca7687 @ Sun Jul 26 14:57:23 UTC 2026
// 同步 ID: 6bdee21c @ Sun Jul 26 18:09:29 UTC 2026
// 重构日志: 9eb0218f
// 重构日志: f0585fc5
// 重构日志: e9fce0de
// 重构日志: 48df8219
// 重构日志: 2684576d
// 同步 ID: f3b03ab7 @ Wed Jul 29 01:45:29 UTC 2026
// 同步 ID: c55f02b0 @ Wed Jul 29 17:38:21 UTC 2026
// 重构日志: 11f91659
// 同步 ID: 6c66aa00 @ Fri Jul 31 13:42:46 UTC 2026
// 重构日志: 93eb8cf6
